Date:
当前日期: 2020/05/04 周一 
输入新日期: (年月日) 

Time:
当前时间: 10:25:16.18
输入新时间: 

OS Version/Uptime:
主机名:           DESKTOP-SUD34OR
OS 名称:          Microsoft Windows 10 家庭中文版
OS 版本:          10.0.18363 暂缺 Build 18363
OS 制造商:        Microsoft Corporation
OS 配置:          独立工作站
OS 构件类型:      Multiprocessor Free
注册的所有人:     暂缺
注册的组织:       暂缺
产品 ID:          00342-30262-00002-AAOEM
初始安装日期:     2019/9/4, 2:42:11
系统启动时间:     2020/4/25, 19:46:13
系统制造商:       ASUSTeK COMPUTER INC.
系统型号:         X411UA
系统类型:         x64-based PC
处理器:           安装了 1 个处理器。
                  [01]: Intel64 Family 6 Model 142 Stepping 10 GenuineIntel ~1200 Mhz
BIOS 版本:        American Megatrends Inc. X411UA.310, 2019/4/16
Windows 目录:     C:\WINDOWS
系统目录:         C:\WINDOWS\system32
启动设备:         \Device\HarddiskVolume1
系统区域设置:     zh-cn;中文(中国)
输入法区域设置:   zh-cn;中文(中国)
时区:             (UTC+08:00) 北京，重庆，香港特别行政区，乌鲁木齐
物理内存总量:     8,075 MB
可用的物理内存:   4,693 MB
虚拟内存: 最大值: 8,587 MB
虚拟内存: 可用:   3,965 MB
虚拟内存: 使用中: 4,622 MB
页面文件位置:     C:\pagefile.sys
域:               WORKGROUP
登录服务器:       \\DESKTOP-SUD34OR
修补程序:         安装了 17 个修补程序。
                  [01]: KB4537572
                  [02]: KB4503308
                  [03]: KB4515383
                  [04]: KB4515530
                  [05]: KB4516115
                  [06]: KB4517245
                  [07]: KB4520390
                  [08]: KB4521863
                  [09]: KB4524244
                  [10]: KB4524569
                  [11]: KB4525419
                  [12]: KB4528759
                  [13]: KB4537759
                  [14]: KB4538674
                  [15]: KB4541338
                  [16]: KB4552152
                  [17]: KB4549951
网卡:             安装了 6 个 NIC。
                  [01]: VMware Virtual Ethernet Adapter for VMnet1
                      连接名:      VMware Network Adapter VMnet1
                      启用 DHCP:   是
                      DHCP 服务器: 192.168.233.254
                      IP 地址
                        [01]: 192.168.233.1
                        [02]: fe80::d0bd:19f2:3e2d:43d8
                  [02]: VMware Virtual Ethernet Adapter for VMnet8
                      连接名:      VMware Network Adapter VMnet8
                      启用 DHCP:   是
                      DHCP 服务器: 192.168.37.254
                      IP 地址
                        [01]: 192.168.37.1
                        [02]: fe80::4080:583c:386a:d7e0
                  [03]: Qualcomm Atheros QCA9377 Wireless Network Adapter
                      连接名:      WLAN
                      启用 DHCP:   是
                      DHCP 服务器: 192.168.43.1
                      IP 地址
                        [01]: 192.168.43.12
                        [02]: fe80::d15a:6655:a47b:7be9
                        [03]: 240e:d8:218:9f45:dc3e:1116:3ac7:3927
                        [04]: 240e:d8:218:9f45:d15a:6655:a47b:7be9
                  [04]: Bluetooth Device (Personal Area Network)
                      连接名:      蓝牙网络连接
                      状态:        媒体连接已中断
                  [05]: Microsoft KM-TEST Loopback Adapter
                      连接名:      Npcap Loopback Adapter
                      启用 DHCP:   是
                      DHCP 服务器: 255.255.255.255
                      IP 地址
                        [01]: 169.254.166.74
                        [02]: fe80::794a:2625:dab0:a64a
                  [06]: VirtualBox Host-Only Ethernet Adapter
                      连接名:      VirtualBox Host-Only Network #2
                      启用 DHCP:   否
                      IP 地址
                        [01]: 192.168.56.1
                        [02]: fe80::c092:7ef1:5654:73f6
Hyper-V 要求:     虚拟机监视器模式扩展: 是
                  固件中已启用虚拟化: 是
                  二级地址转换: 是
                  数据执行保护可用: 是

Hardware information:
Volume: \\?\Volume{8513cb4b-66b2-4b9d-9a93-cafae81852ec}\
   Mounted at: C:\
   Extent [1]:
       Disk:   0
       Offset: 290455552
       Length: 219713319936
Volume: \\?\Volume{b4bc3840-2b54-4170-91bf-58f42f179201}\
   Mounted at: <unmounted>
   Extent [1]:
       Disk:   0
       Offset: 255221301248
       Length: 838860800
Volume: \\?\Volume{89679577-25fb-4311-8b4f-8641baaefc9b}\
   Mounted at: <unmounted>
   Error getting extents
拒绝访问。

Services information:
 ? 
 H K L M \ S y s t e m \ C u r r e n t C o n t r o l S e t \ C o n t r o l \ T e r m i n a l   S e r v e r \ W d s \ r d p w d \ S t a r t u p P r o g r a m s 
 
       r d p c l i p 
 
           r d p c l i p 
 
           R D P   jR4?g裿茐z廭
 
           M i c r o s o f t   C o r p o r a t i o n 
 
           1 0 . 0 . 1 8 3 6 2 . 7 5 2 
 
           c : \ w i n d o w s \ s y s t e m 3 2 \ r d p c l i p . e x e 
 
           1 9 2 1 / 1 2 / 1   2 0 : 3 4 
 
 
 
 H K L M \ S O F T W A R E \ M i c r o s o f t \ W i n d o w s   N T \ C u r r e n t V e r s i o n \ W i n l o g o n \ U s e r i n i t 
 
       C : \ W i n d o w s \ s y s t e m 3 2 \ u s e r i n i t . e x e 
 
           C : \ W i n d o w s \ s y s t e m 3 2 \ u s e r i n i t . e x e 
 
           U s e r i n i t   {vU_擽(uz廭
 
           M i c r o s o f t   C o r p o r a t i o n 
 
           1 0 . 0 . 1 8 3 6 2 . 1 
 
           c : \ w i n d o w s \ s y s t e m 3 2 \ u s e r i n i t . e x e 
 
           1 9 4 0 / 8 / 1 7   1 9 : 0 7 
 
 
 
 H K L M \ S O F T W A R E \ M i c r o s o f t \ W i n d o w s   N T \ C u r r e n t V e r s i o n \ W i n l o g o n \ V m A p p l e t 
 
       S y s t e m P r o p e r t i e s P e r f o r m a n c e . e x e 
 
           S y s t e m P r o p e r t i e s P e r f o r m a n c e . e x e 
 
           鬴9e梴:g'`齹緥n
 
           M i c r o s o f t   C o r p o r a t i o n 
 
           1 0 . 0 . 1 8 3 6 2 . 1 
 
           c : \ w i n d o w s \ s y s t e m 3 2 \ s y s t e m p r o p e r t i e s p e r f o r m a n c e . e x e 
 
           1 9 6 9 / 7 / 2   1 6 : 2 6 
 
 
 
 H K L M \ S O F T W A R E \ M i c r o s o f t \ W i n d o w s   N T \ C u r r e n t V e r s i o n \ W i n l o g o n \ S h e l l 
 
       e x p l o r e r . e x e 
 
           e x p l o r e r . e x e 
 
           W i n d o w s   D崘nthV
 
           M i c r o s o f t   C o r p o r a t i o n 
 
           1 0 . 0 . 1 8 3 6 2 . 6 9 3 
 
           c : \ w i n d o w s \ e x p l o r e r . e x e 
 
           2 0 1 7 / 1 / 1 6   8 : 5 3 
 
 
 
 H K L M \ S Y S T E M \ C u r r e n t C o n t r o l S e t \ C o n t r o l \ S a f e B o o t \ A l t e r n a t e S h e l l 
 
       c m d . e x e 
 
           c m d . e x e 
 
           W i n d o w s   }T銷Ytz廭
 
           M i c r o s o f t   C o r p o r a t i o n 
 
           1 0 . 0 . 1 8 3 6 2 . 4 4 9 
 
           c : \ w i n d o w s \ s y s t e m 3 2 \ c m d . e x e 
 
           1 9 1 4 / 1 2 / 2 8   1 4 : 1 9 
 
 
 
 H K L M \ S O F T W A R E \ M i c r o s o f t \ W i n d o w s \ C u r r e n t V e r s i o n \ R u n 
 
       S e c u r i t y H e a l t h 
 
           % w i n d i r % \ s y s t e m 3 2 \ S e c u r i t y H e a l t h S y s t r a y . e x e 
 
           W i n d o w s   S e c u r i t y   n o t i f i c a t i o n   i c o n 
 
           M i c r o s o f t   C o r p o r a t i o n 
 
           1 0 . 0 . 1 8 3 6 2 . 6 2 8 
 
           c : \ w i n d o w s \ s y s t e m 3 2 \ s e c u r i t y h e a l t h s y s t r a y . e x e 
 
           2 0 3 2 / 1 2 / 4   8 : 1 0 
 
       A d o b e G C I n v o k e r - 1 . 0 
 
           " C : \ P r o g r a m   F i l e s   ( x 8 6 ) \ C o m m o n   F i l e s \ A d o b e \ A d o b e G C C l i e n t \ A G C I n v o k e r U t i l i t y . e x e " 
 
           A d o b e   G C   I n v o k e r   U t i l i t y 
 
           A d o b e   S y s t e m s ,   I n c o r p o r a t e d 
 
           6 . 6 . 0 . 2 0 4 
 
           c : \ p r o g r a m   f i l e s   ( x 8 6 ) \ c o m m o n   f i l e s \ a d o b e \ a d o b e g c c l i e n t \ a g c i n v o k e r u t i l i t y . e x e 
 
           2 0 2 0 / 3 / 4   2 0 : 0 3 
 
       w p a p p 
 
           C : \ U s e r s \ Ng&晧廫 A p p D a t a \ R o a m i n g \ 3 6 0 b i z h i \ W p T i n y T r a y . e x e 
 
           1 . 0 . 0 . 1 0 3 0 
 
           c : \ u s e r s \ Ng&晧廫 a p p d a t a \ r o a m i n g \ 3 6 0 b i z h i \ w p t i n y t r a y . e x e 
 
           2 0 1 8 / 1 2 / 2 6   1 7 : 3 3 
 
 
 
 H K L M \ S O F T W A R E \ W o w 6 4 3 2 N o d e \ M i c r o s o f t \ W i n d o w s \ C u r r e n t V e r s i o n \ R u n 
 
       3 6 0 S a f e t r a y 
 
           " C : \ P r o g r a m   F i l e s   ( x 8 6 ) \ 3 6 0 \ 3 6 0 s a f e \ s a f e m o n \ 3 6 0 t r a y . e x e "   / s t a r t 
 
           3 6 0 塠hQkS隭  塠hQ2枻b-N胈!jWW
 
           3 6 0 . c n 
 
           1 2 . 0 . 0 . 1 2 1 1 
 
           c : \ p r o g r a m   f i l e s   ( x 8 6 ) \ 3 6 0 \ 3 6 0 s a f e \ s a f e m o n \ 3 6 0 t r a y . e x e 
 
           2 0 2 0 / 3 / 2 3   1 7 : 5 7 
 
 
 
 H K L M \ S O F T W A R E \ M i c r o s o f t \ A c t i v e   S e t u p \ I n s t a l l e d   C o m p o n e n t s 
 
       M i c r o s o f t   W i n d o w s   M e d i a   P l a y e r 
 
           % S y s t e m R o o t % \ s y s t e m 3 2 \ u n r e g m p 2 . e x e   / S h o w W M P 
 
           M i c r o s o f t   W i n d o w s   M e d i a   P l a y e r   塠艌瀃(uz廭
 
           M i c r o s o f t   C o r p o r a t i o n 
 
           1 2 . 0 . 1 8 3 6 2 . 1 
 
           c : \ w i n d o w s \ s y s t e m 3 2 \ u n r e g m p 2 . e x e 
 
           1 9 0 5 / 1 / 1 9   1 6 : 2 5 
 
       T h e m e s   S e t u p 
 
           t h e m e u i . d l l 
 
           W i n d o w s   ;N槝  A P I 
 
           M i c r o s o f t   C o r p o r a t i o n 
 
           1 0 . 0 . 1 8 3 6 2 . 1 
 
           c : \ w i n d o w s \ s y s t e m 3 2 \ t h e m e u i . d l l 
 
           2 0 0 4 / 6 / 4   0 : 2 8 
 
       M i c r o s o f t   W i n d o w s   M e d i a   P l a y e r 
 
           % S y s t e m R o o t % \ s y s t e m 3 2 \ u n r e g m p 2 . e x e   / F i r s t L o g o n 
 
           M i c r o s o f t   W i n d o w s   M e d i a   P l a y e r   塠艌瀃(uz廭
 
           M i c r o s o f t   C o r p o r a t i o n 
 
           1 2 . 0 . 1 8 3 6 2 . 1 
 
           c : \ w i n d o w s \ s y s t e m 3 2 \ u n r e g m p 2 . e x e 
 
           1 9 0 5 / 1 / 1 9   1 6 : 2 5 
 
       W i n d o w s   D e s k t o p   U p d a t e 
 
           s h e l l 3 2 . d l l 
 
           W i n d o w s   S h e l l   lQ(u  D L L 
 
           M i c r o s o f t   C o r p o r a t i o n 
 
           1 0 . 0 . 1 8 3 6 2 . 7 1 9 
 
           c : \ w i n d o w s \ s y s t e m 3 2 \ s h e l l 3 2 . d l l 
 
           2 0 2 1 / 3 / 1 9   1 9 : 0 1 
 
       W e b   P l a t f o r m   C u s t o m i z a t i o n s 
 
           C : \ W i n d o w s \ S y s t e m 3 2 \ i e 4 u i n i t . e x e   - U s e r C o n f i g 
 
           I E   蟢(u7bR薡S錧wQ
 
           M i c r o s o f t   C o r p o r a t i o n 
 
           1 1 . 0 . 1 8 3 6 2 . 6 2 8 
 
           c : \ w i n d o w s \ s y s t e m 3 2 \ i e 4 u i n i t . e x e 
 
           1 9 1 2 / 1 2 / 2 4   7 : 5 9 
 
       n / a 
 
           C : \ W i n d o w s \ S y s t e m 3 2 \ R u n d l l 3 2 . e x e   C : \ W i n d o w s \ S y s t e m 3 2 \ m s c o r i e s . d l l , I n s t a l l 
 
           M i c r o s o f t   . N E T   I E   S E C U R I T Y   R E G I S T R A T I O N 
 
           M i c r o s o f t   C o r p o r a t i o n 
 
           2 . 0 . 5 0 7 2 7 . 9 1 3 6 
 
           c : \ w i n d o w s \ s y s t e m 3 2 \ m s c o r i e s . d l l 
 
           2 0 1 9 / 3 / 4   2 0 : 5 4 
 
       M i c r o s o f t   E d g e 
 
           " C : \ P r o g r a m   F i l e s   ( x 8 6 ) \ M i c r o s o f t \ E d g e \ A p p l i c a t i o n \ 8 1 . 0 . 4 1 6 . 6 8 \ I n s t a l l e r \ s e t u p . e x e "   - - c o n f i g u r e - u s e r - s e t t i n g s   - - v e r b o s e - l o g g i n g   - - s y s t e m - l e v e l 
 
           M i c r o s o f t   E d g e   I n s t a l l e r 
 
           M i c r o s o f t   C o r p o r a t i o n 
 
           8 1 . 0 . 4 1 6 . 6 8 
 
           c : \ p r o g r a m   f i l e s   ( x 8 6 ) \ m i c r o s o f t \ e d g e \ a p p l i c a t i o n \ 8 1 . 0 . 4 1 6 . 6 8 \ i n s t a l l e r \ s e t u p . e x e 
 
           2 0 2 0 / 4 / 2 8   1 6 : 3 2 
 
 
 
 H K L M \ S O F T W A R E \ W o w 6 4 3 2 N o d e \ M i c r o s o f t \ A c t i v e   S e t u p \ I n s t a l l e d   C o m p o n e n t s 
 
       M i c r o s o f t   W i n d o w s   M e d i a   P l a y e r 
 
           % S y s t e m R o o t % \ s y s t e m 3 2 \ u n r e g m p 2 . e x e   / S h o w W M P 
 
           M i c r o s o f t   W i n d o w s   M e d i a   P l a y e r   S e t u p   U t i l i t y 
 
           M i c r o s o f t   C o r p o r a t i o n 
 
           1 2 . 0 . 1 8 3 6 2 . 1 
 
           c : \ w i n d o w s \ s y s w o w 6 4 \ u n r e g m p 2 . e x e 
 
           1 9 8 2 / 6 / 1 4   6 : 3 0 
 
       M i c r o s o f t   W i n d o w s   M e d i a   P l a y e r 
 
           % S y s t e m R o o t % \ s y s t e m 3 2 \ u n r e g m p 2 . e x e   / F i r s t L o g o n 
 
           M i c r o s o f t   W i n d o w s   M e d i a   P l a y e r   S e t u p   U t i l i t y 
 
           M i c r o s o f t   C o r p o r a t i o n 
 
           1 2 . 0 . 1 8 3 6 2 . 1 
 
           c : \ w i n d o w s \ s y s w o w 6 4 \ u n r e g m p 2 . e x e 
 
           1 9 8 2 / 6 / 1 4   6 : 3 0 
 
       n / a 
 
           C : \ W i n d o w s \ S y s W O W 6 4 \ R u n d l l 3 2 . e x e   C : \ W i n d o w s \ S y s W O W 6 4 \ m s c o r i e s . d l l , I n s t a l l 
 
           M i c r o s o f t   . N E T   I E   S E C U R I T Y   R E G I S T R A T I O N 
 
           M i c r o s o f t   C o r p o r a t i o n 
 
           2 . 0 . 5 0 7 2 7 . 9 1 3 6 
 
           c : \ w i n d o w s \ s y s w o w 6 4 \ m s c o r i e s . d l l 
 
           2 0 1 9 / 3 / 5   2 : 1 2 
 
 
 
 H K L M \ S o f t w a r e \ M i c r o s o f t \ W i n d o w s   N T \ C u r r e n t V e r s i o n \ W i n d o w s \ I c o n S e r v i c e L i b 
 
       I c o n C o d e c S e r v i c e . d l l 
 
           I c o n C o d e c S e r v i c e . d l l 
 
           C o n v e r t s   a   P N G   p a r t   o f   t h e   i c o n   t o   a   l e g a c y   b m p   i c o n 
 
           M i c r o s o f t   C o r p o r a t i o n 
 
           1 0 . 0 . 1 8 3 6 2 . 1 
 
           c : \ w i n d o w s \ s y s t e m 3 2 \ i c o n c o d e c s e r v i c e . d l l 
 
           1 9 4 3 / 1 1 / 2 8   1 0 : 4 7 
 
 
 
 H K C U \ S O F T W A R E \ M i c r o s o f t \ W i n d o w s \ C u r r e n t V e r s i o n \ R u n 
 
       D e s k G o 
 
           " C : \ P r o g r a m   F i l e s   ( x 8 6 ) \ T e n c e n t \ D e s k G o \ 2 . 5 . 3 1 4 8 . 1 2 7 \ D e s k t o p M g r 6 4 . e x e "   / S t a r t F r o m = A u t o R u n 
 
           Lhb梩et- ;Nz廭
 
           T e n c e n t 
 
           2 . 5 . 3 1 4 8 . 1 2 7 
 
           c : \ p r o g r a m   f i l e s   ( x 8 6 ) \ t e n c e n t \ d e s k g o \ 2 . 5 . 3 1 4 8 . 1 2 7 \ d e s k t o p m g r 6 4 . e x e 
 
           2 0 1 7 / 1 2 / 1 1   1 1 : 0 9 
 
       c t f m o n 
 
           C : \ W I N D O W S \ s y s t e m 3 2 \ c t f m o n . e x e 
 
           C T F   燫}?z廭
 
           M i c r o s o f t   C o r p o r a t i o n 
 
           1 0 . 0 . 1 8 3 6 2 . 1 
 
           c : \ w i n d o w s \ s y s t e m 3 2 \ c t f m o n . e x e 
 
           2 0 1 2 / 1 2 / 2 5   1 5 : 0 1 
 
       T I M 
 
           " C : \ P r o g r a m   F i l e s   ( x 8 6 ) \ T e n c e n t \ T I M \ B i n \ T I M . e x e "   / b a c k g r o u n d 
 
           T I M 
 
           T e n c e n t 
 
           2 . 3 . 2 . 2 1 1 7 3 
 
           c : \ p r o g r a m   f i l e s   ( x 8 6 ) \ t e n c e n t \ t i m \ b i n \ t i m . e x e 
 
           2 0 1 9 / 8 / 2 1   2 2 : 1 5 
 
       3 6 0 s d 
 
           " C : \ P r o g r a m   F i l e s   ( x 8 6 ) \ 3 6 0 \ 3 6 0 s d \ 3 6 0 s d r u n . e x e " 
 
           3 6 0 @g襨  /T≧z廭
 
           3 6 0 . c n 
 
           5 . 0 . 0 . 5 0 6 2 
 
           c : \ p r o g r a m   f i l e s   ( x 8 6 ) \ 3 6 0 \ 3 6 0 s d \ 3 6 0 s d r u n . e x e 
 
           2 0 1 4 / 5 / 2 8   1 0 : 1 2 
 
 
 
 H K C U \ S O F T W A R E \ M i c r o s o f t \ W i n d o w s \ C u r r e n t V e r s i o n \ R u n 
 
       D e s k G o 
 
           " C : \ P r o g r a m   F i l e s   ( x 8 6 ) \ T e n c e n t \ D e s k G o \ 2 . 5 . 3 1 4 8 . 1 2 7 \ D e s k t o p M g r 6 4 . e x e "   / S t a r t F r o m = A u t o R u n 
 
           Lhb梩et- ;Nz廭
 
           T e n c e n t 
 
           2 . 5 . 3 1 4 8 . 1 2 7 
 
           c : \ p r o g r a m   f i l e s   ( x 8 6 ) \ t e n c e n t \ d e s k g o \ 2 . 5 . 3 1 4 8 . 1 2 7 \ d e s k t o p m g r 6 4 . e x e 
 
           2 0 1 7 / 1 2 / 1 1   1 1 : 0 9 
 
       c t f m o n 
 
           C : \ W I N D O W S \ s y s t e m 3 2 \ c t f m o n . e x e 
 
           C T F   燫}?z廭
 
           M i c r o s o f t   C o r p o r a t i o n 
 
           1 0 . 0 . 1 8 3 6 2 . 1 
 
           c : \ w i n d o w s \ s y s t e m 3 2 \ c t f m o n . e x e 
 
           2 0 1 2 / 1 2 / 2 5   1 5 : 0 1 
 
       T I M 
 
           " C : \ P r o g r a m   F i l e s   ( x 8 6 ) \ T e n c e n t \ T I M \ B i n \ T I M . e x e "   / b a c k g r o u n d 
 
           T I M 
 
           T e n c e n t 
 
           2 . 3 . 2 . 2 1 1 7 3 
 
           c : \ p r o g r a m   f i l e s   ( x 8 6 ) \ t e n c e n t \ t i m \ b i n \ t i m . e x e 
 
           2 0 1 9 / 8 / 2 1   2 2 : 1 5 
 
       3 6 0 s d 
 
           " C : \ P r o g r a m   F i l e s   ( x 8 6 ) \ 3 6 0 \ 3 6 0 s d \ 3 6 0 s d r u n . e x e " 
 
           3 6 0 @g襨  /T≧z廭
 
           3 6 0 . c n 
 
           5 . 0 . 0 . 5 0 6 2 
 
           c : \ p r o g r a m   f i l e s   ( x 8 6 ) \ 3 6 0 \ 3 6 0 s d \ 3 6 0 s d r u n . e x e 
 
           2 0 1 4 / 5 / 2 8   1 0 : 1 2 
 
NIC information:
Windows IP 配置
   主机名  . . . . . . . . . . . . . : DESKTOP-SUD34OR
   主 DNS 后缀 . . . . . . . . . . . : 
   节点类型  . . . . . . . . . . . . : 混合
   IP 路由已启用 . . . . . . . . . . : 否
   WINS 代理已启用 . . . . . . . . . : 否

以太网适配器 Npcap Loopback Adapter:

   连接特定的 DNS 后缀 . . . . . . . : 
   描述. . . . . . . . . . . . . . . : Npcap Loopback Adapter
   物理地址. . . . . . . . . . . . . : 02-00-4C-4F-4F-50
   DHCP 已启用 . . . . . . . . . . . : 是
   自动配置已启用. . . . . . . . . . : 是
   本地链接 IPv6 地址. . . . . . . . : fe80::794a:2625:dab0:a64a%24(首选) 
   自动配置 IPv4 地址  . . . . . . . : 169.254.166.74(首选) 
   子网掩码  . . . . . . . . . . . . : 255.255.0.0
   默认网关. . . . . . . . . . . . . : 
   DHCPv6 IAID . . . . . . . . . . . : 906100812
   DHCPv6 客户端 DUID  . . . . . . . : 00-01-00-01-22-25-69-B4-80-C5-F2-15-5B-D9
   DNS 服务器  . . . . . . . . . . . : fec0:0:0:ffff::1%1
                                       fec0:0:0:ffff::2%1
                                       fec0:0:0:ffff::3%1
   TCPIP 上的 NetBIOS  . . . . . . . : 已启用

以太网适配器 VirtualBox Host-Only Network #2:

   连接特定的 DNS 后缀 . . . . . . . : 
   描述. . . . . . . . . . . . . . . : VirtualBox Host-Only Ethernet Adapter #2
   物理地址. . . . . . . . . . . . . : 0A-00-27-00-00-08
   DHCP 已启用 . . . . . . . . . . . : 否
   自动配置已启用. . . . . . . . . . : 是
   本地链接 IPv6 地址. . . . . . . . : fe80::c092:7ef1:5654:73f6%8(首选) 
   IPv4 地址 . . . . . . . . . . . . : 192.168.56.1(首选) 
   子网掩码  . . . . . . . . . . . . : 255.255.255.0
   默认网关. . . . . . . . . . . . . : 
   DHCPv6 IAID . . . . . . . . . . . : 470417447
   DHCPv6 客户端 DUID  . . . . . . . : 00-01-00-01-22-25-69-B4-80-C5-F2-15-5B-D9
   DNS 服务器  . . . . . . . . . . . : fec0:0:0:ffff::1%1
                                       fec0:0:0:ffff::2%1
                                       fec0:0:0:ffff::3%1
   TCPIP 上的 NetBIOS  . . . . . . . : 已启用

无线局域网适配器 WLAN:

   媒体状态  . . . . . . . . . . . . : 媒体已断开连接
   连接特定的 DNS 后缀 . . . . . . . : 
   描述. . . . . . . . . . . . . . . : Qualcomm Atheros QCA9377 Wireless Network Adapter
   物理地址. . . . . . . . . . . . . : 80-C5-F2-15-5B-D9
   DHCP 已启用 . . . . . . . . . . . : 是
   自动配置已启用. . . . . . . . . . : 是

无线局域网适配器 本地连接* 2:

   媒体状态  . . . . . . . . . . . . : 媒体已断开连接
   连接特定的 DNS 后缀 . . . . . . . : 
   描述. . . . . . . . . . . . . . . : Microsoft Wi-Fi Direct Virtual Adapter #2
   物理地址. . . . . . . . . . . . . : 82-C5-F2-15-5B-D9
   DHCP 已启用 . . . . . . . . . . . : 是
   自动配置已启用. . . . . . . . . . : 是

无线局域网适配器 本地连接* 3:

   媒体状态  . . . . . . . . . . . . : 媒体已断开连接
   连接特定的 DNS 后缀 . . . . . . . : 
   描述. . . . . . . . . . . . . . . : Microsoft Wi-Fi Direct Virtual Adapter #3
   物理地址. . . . . . . . . . . . . : 92-C5-F2-15-5B-D9
   DHCP 已启用 . . . . . . . . . . . : 是
   自动配置已启用. . . . . . . . . . : 是

以太网适配器 VMware Network Adapter VMnet1:

   连接特定的 DNS 后缀 . . . . . . . : 
   描述. . . . . . . . . . . . . . . : VMware Virtual Ethernet Adapter for VMnet1
   物理地址. . . . . . . . . . . . . : 00-50-56-C0-00-01
   DHCP 已启用 . . . . . . . . . . . : 是
   自动配置已启用. . . . . . . . . . : 是
   本地链接 IPv6 地址. . . . . . . . : fe80::d0bd:19f2:3e2d:43d8%7(首选) 
   IPv4 地址 . . . . . . . . . . . . : 192.168.233.1(首选) 
   子网掩码  . . . . . . . . . . . . : 255.255.255.0
   获得租约的时间  . . . . . . . . . : 2020年5月4日 15:50:25
   租约过期的时间  . . . . . . . . . : 2020年5月4日 16:35:04
   默认网关. . . . . . . . . . . . . : 
   DHCP 服务器 . . . . . . . . . . . : 192.168.233.254
   DHCPv6 IAID . . . . . . . . . . . : 151015510
   DHCPv6 客户端 DUID  . . . . . . . : 00-01-00-01-22-25-69-B4-80-C5-F2-15-5B-D9
   DNS 服务器  . . . . . . . . . . . : fec0:0:0:ffff::1%1
                                       fec0:0:0:ffff::2%1
                                       fec0:0:0:ffff::3%1
   TCPIP 上的 NetBIOS  . . . . . . . : 已启用

以太网适配器 VMware Network Adapter VMnet8:

   连接特定的 DNS 后缀 . . . . . . . : 
   描述. . . . . . . . . . . . . . . : VMware Virtual Ethernet Adapter for VMnet8
   物理地址. . . . . . . . . . . . . : 00-50-56-C0-00-08
   DHCP 已启用 . . . . . . . . . . . : 是
   自动配置已启用. . . . . . . . . . : 是
   本地链接 IPv6 地址. . . . . . . . : fe80::4080:583c:386a:d7e0%4(首选) 
   IPv4 地址 . . . . . . . . . . . . : 192.168.37.1(首选) 
   子网掩码  . . . . . . . . . . . . : 255.255.255.0
   获得租约的时间  . . . . . . . . . : 2020年5月4日 15:50:25
   租约过期的时间  . . . . . . . . . : 2020年5月4日 16:35:04
   默认网关. . . . . . . . . . . . . : 
   DHCP 服务器 . . . . . . . . . . . : 192.168.37.254
   DHCPv6 IAID . . . . . . . . . . . : 402673750
   DHCPv6 客户端 DUID  . . . . . . . : 00-01-00-01-22-25-69-B4-80-C5-F2-15-5B-D9
   DNS 服务器  . . . . . . . . . . . : fec0:0:0:ffff::1%1
                                       fec0:0:0:ffff::2%1
                                       fec0:0:0:ffff::3%1
   主 WINS 服务器  . . . . . . . . . : 192.168.37.2
   TCPIP 上的 NetBIOS  . . . . . . . : 已启用

以太网适配器 蓝牙网络连接:

   媒体状态  . . . . . . . . . . . . : 媒体已断开连接
   连接特定的 DNS 后缀 . . . . . . . : 
   描述. . . . . . . . . . . . . . . : Bluetooth Device (Personal Area Network)
   物理地址. . . . . . . . . . . . . : 80-C5-F2-15-5B-D8
   DHCP 已启用 . . . . . . . . . . . : 是
   自动配置已启用. . . . . . . . . . : 是

Route information:
===========================================================================
接口列表
 24...02 00 4c 4f 4f 50 ......Npcap Loopback Adapter
  8...0a 00 27 00 00 08 ......VirtualBox Host-Only Ethernet Adapter #2
 17...80 c5 f2 15 5b d9 ......Qualcomm Atheros QCA9377 Wireless Network Adapter
 14...82 c5 f2 15 5b d9 ......Microsoft Wi-Fi Direct Virtual Adapter #2
 13...92 c5 f2 15 5b d9 ......Microsoft Wi-Fi Direct Virtual Adapter #3
  7...00 50 56 c0 00 01 ......VMware Virtual Ethernet Adapter for VMnet1
  4...00 50 56 c0 00 08 ......VMware Virtual Ethernet Adapter for VMnet8
 11...80 c5 f2 15 5b d8 ......Bluetooth Device (Personal Area Network)
  1...........................Software Loopback Interface 1
===========================================================================

IPv4 路由表
===========================================================================
活动路由:
网络目标        网络掩码          网关       接口   跃点数
        127.0.0.0        255.0.0.0            在链路上         127.0.0.1    331
        127.0.0.1  255.255.255.255            在链路上         127.0.0.1    331
  127.255.255.255  255.255.255.255            在链路上         127.0.0.1    331
      169.254.0.0      255.255.0.0            在链路上    169.254.166.74    281
   169.254.166.74  255.255.255.255            在链路上    169.254.166.74    281
  169.254.255.255  255.255.255.255            在链路上    169.254.166.74    281
     192.168.37.0    255.255.255.0            在链路上      192.168.37.1    291
     192.168.37.1  255.255.255.255            在链路上      192.168.37.1    291
   192.168.37.255  255.255.255.255            在链路上      192.168.37.1    291
     192.168.56.0    255.255.255.0            在链路上      192.168.56.1    281
     192.168.56.1  255.255.255.255            在链路上      192.168.56.1    281
   192.168.56.255  255.255.255.255            在链路上      192.168.56.1    281
    192.168.233.0    255.255.255.0            在链路上     192.168.233.1    291
    192.168.233.1  255.255.255.255            在链路上     192.168.233.1    291
  192.168.233.255  255.255.255.255            在链路上     192.168.233.1    291
        224.0.0.0        240.0.0.0            在链路上         127.0.0.1    331
        224.0.0.0        240.0.0.0            在链路上      192.168.56.1    281
        224.0.0.0        240.0.0.0            在链路上     192.168.233.1    291
        224.0.0.0        240.0.0.0            在链路上      192.168.37.1    291
        224.0.0.0        240.0.0.0            在链路上    169.254.166.74    281
  255.255.255.255  255.255.255.255            在链路上         127.0.0.1    331
  255.255.255.255  255.255.255.255            在链路上      192.168.56.1    281
  255.255.255.255  255.255.255.255            在链路上     192.168.233.1    291
  255.255.255.255  255.255.255.255            在链路上      192.168.37.1    291
  255.255.255.255  255.255.255.255            在链路上    169.254.166.74    281
===========================================================================
永久路由:
  无

IPv6 路由表
===========================================================================
活动路由:
 接口跃点数网络目标                网关
  1    331 ::1/128                  在链路上
  8    281 fe80::/64                在链路上
  7    291 fe80::/64                在链路上
  4    291 fe80::/64                在链路上
 24    281 fe80::/64                在链路上
  4    291 fe80::4080:583c:386a:d7e0/128
                                    在链路上
 24    281 fe80::794a:2625:dab0:a64a/128
                                    在链路上
  8    281 fe80::c092:7ef1:5654:73f6/128
                                    在链路上
  7    291 fe80::d0bd:19f2:3e2d:43d8/128
                                    在链路上
  1    331 ff00::/8                 在链路上
  8    281 ff00::/8                 在链路上
  7    291 ff00::/8                 在链路上
  4    291 ff00::/8                 在链路上
 24    281 ff00::/8                 在链路上
===========================================================================
永久路由:
  无

arp information:
接口: 192.168.37.1 --- 0x4
  Internet 地址         物理地址              类型
  192.168.37.254        00-50-56-ec-64-24     动态        
  192.168.37.255        ff-ff-ff-ff-ff-ff     静态        
  224.0.0.22            01-00-5e-00-00-16     静态        
  224.0.0.251           01-00-5e-00-00-fb     静态        
  224.0.0.252           01-00-5e-00-00-fc     静态        
  239.255.255.250       01-00-5e-7f-ff-fa     静态        
  255.255.255.255       ff-ff-ff-ff-ff-ff     静态        

接口: 192.168.233.1 --- 0x7
  Internet 地址         物理地址              类型
  192.168.233.254       00-50-56-fa-aa-0a     动态        
  192.168.233.255       ff-ff-ff-ff-ff-ff     静态        
  224.0.0.22            01-00-5e-00-00-16     静态        
  224.0.0.251           01-00-5e-00-00-fb     静态        
  224.0.0.252           01-00-5e-00-00-fc     静态        
  239.255.255.250       01-00-5e-7f-ff-fa     静态        
  255.255.255.255       ff-ff-ff-ff-ff-ff     静态        

接口: 192.168.56.1 --- 0x8
  Internet 地址         物理地址              类型
  192.168.56.255        ff-ff-ff-ff-ff-ff     静态        
  224.0.0.22            01-00-5e-00-00-16     静态        
  224.0.0.251           01-00-5e-00-00-fb     静态        
  224.0.0.252           01-00-5e-00-00-fc     静态        
  239.255.255.250       01-00-5e-7f-ff-fa     静态        

接口: 169.254.166.74 --- 0x18
  Internet 地址         物理地址              类型
  169.254.255.255       ff-ff-ff-ff-ff-ff     静态        
  224.0.0.22            01-00-5e-00-00-16     静态        
  224.0.0.251           01-00-5e-00-00-fb     静态        
  224.0.0.252           01-00-5e-00-00-fc     静态        
  239.255.255.250       01-00-5e-7f-ff-fa     静态        
  255.255.255.255       ff-ff-ff-ff-ff-ff     静态        

Information of process:
Process information for DESKTOP-SUD34OR:

Name                Pid Pri Thd  Hnd   Priv        CPU Time    Elapsed Time 
Idle                  0   0   8    0     60     2:53:13.390     0:24:00.502
System                4   8 184 3846    192     0:00:30.656     0:24:00.502
Registry            120   8   4    0  23940     0:00:04.109     0:24:05.542
smss                476  11   2   53   1192     0:00:00.250     0:24:00.498
csrss               632  13  13  768   1944     0:00:02.578     0:23:52.044
wininit             720  13   1  156   1456     0:00:00.062     0:23:51.591
csrss               728  13  13  620   2436     0:00:11.625     0:23:51.584
winlogon            812  13   4  278   2580     0:00:00.312     0:23:51.508
services            832   9   8  765   5812     0:00:12.140     0:23:51.495
lsass               864   9   8 1230   5420     0:00:04.703     0:23:51.458
svchost            1004   8   2   86    960     0:00:00.000     0:23:51.208
svchost             100   8  24 1161  12364     0:00:09.375     0:23:51.194
fontdrvhost         504   8   5   32   1852     0:00:00.062     0:23:51.183
fontdrvhost         512   8   5   32   4732     0:00:06.562     0:23:51.183
WUDFHost            524  13  12  318   4004     0:00:00.218     0:23:51.180
svchost            1048   8  22 1258   8196     0:00:12.281     0:23:50.900
svchost            1096   8   6  313   2776     0:00:00.890     0:23:50.781
dwm                1164  13  13  961  43096     0:00:39.906     0:23:50.627
svchost            1304   8   3  154   1504     0:00:00.296     0:23:50.302
svchost            1316   8   8  275   2592     0:00:00.937     0:23:50.299
svchost            1324   8   4  115   1368     0:00:00.046     0:23:50.297
svchost            1356   8   4  226   2260     0:00:00.343     0:23:50.290
svchost            1376   8   9  266   2688     0:00:00.234     0:23:50.281
svchost            1404   8   5  194   1876     0:00:00.156     0:23:50.277
svchost            1468   8   5  247   2576     0:00:00.234     0:23:50.243
svchost            1524   8   2  160   1996     0:00:00.156     0:23:50.222
svchost            1636   8  11  431   6500     0:00:11.765     0:23:50.167
svchost            1724   8   3  230   3284     0:00:03.375     0:23:50.112
svchost            1780   8   3  254   2204     0:00:00.125     0:23:50.072
svchost            1832   8   6  134   1576     0:00:00.062     0:23:50.029
svchost            1888   8   3  128   1588     0:00:00.078     0:23:49.979
svchost            1924   8   5  181   2028     0:00:00.281     0:23:49.955
svchost            1936   8   2  240   2360     0:00:00.187     0:23:49.945
svchost            2004   8   8  408  16252     0:00:02.796     0:23:49.917
svchost            2032   8   5  205   1948     0:00:00.109     0:23:49.905
svchost            1880   8  10  272   3104     0:00:01.484     0:23:49.843
svchost            2112   8   4  144   4392     0:00:00.375     0:23:49.807
svchost            2220   8   2  183   1956     0:00:00.203     0:23:49.730
svchost            2260   8   2  151   1568     0:00:00.718     0:23:49.703
svchost            2336   8   5  190   2096     0:00:00.250     0:23:49.641
svchost            2364   8   7  241   2476     0:00:01.718     0:23:49.608
svchost            2392   8   4  179   5944     0:00:11.703     0:23:49.581
igfxCUIService     2492   8   3  171   1864     0:00:00.093     0:23:49.483
DesktopService64   2540   8   6  164   1820     0:00:00.109     0:23:49.463
dasHost            2632   8   2  118   1140     0:00:00.109     0:23:49.388
svchost            2712   8   6  226   2296     0:00:00.203     0:23:49.297
svchost            2776   8   3  189   1300     0:00:00.078     0:23:49.216
svchost            2788   8   3  227   2440     0:00:00.343     0:23:49.207
svchost            2796   8   5  227   2504     0:00:04.843     0:23:49.202
svchost            2852   8  13  279   3184     0:00:15.828     0:23:49.157
svchost            2936   8  15  388   5088     0:00:02.265     0:23:49.085
svchost            3000   8   3  236   1920     0:00:01.390     0:23:49.030
Memory Compression  3008   8  34    0     76     0:00:00.140     0:23:49.029
svchost            3052   8   5  152   1844     0:00:01.437     0:23:49.016
svchost            3192   8   9  382   2672     0:00:01.046     0:23:48.682
svchost            3252   8   9  252   2344     0:00:00.625     0:23:48.636
svchost            3356   8   6  186   2108     0:00:01.468     0:23:48.265
svchost            3472   8   8  388   3364     0:00:01.046     0:23:47.926
360rps             3588   8   5  164   1732     0:00:00.484     0:23:47.627
svchost            3596   8  13  380   3228     0:00:00.640     0:23:47.623
svchost            3604   8   4  136   1692     0:00:00.078     0:23:47.611
ZhuDongFangYu      3612   8  23  573  15728     0:00:05.187     0:23:47.611
svchost            3836   8  16  504   6172     0:00:01.140     0:23:47.274
svchost            3892   8   5  252   2956     0:00:00.562     0:23:47.157
spoolsv            3928   8   9  440   5496     0:00:00.515     0:23:47.061
svchost            4016   8  13  422  11320     0:00:03.921     0:23:46.908
AsBhcSrv           4276   8   3   97   1120     0:00:00.046     0:23:46.153
AdminService       4284   8   5  160   2304     0:00:00.984     0:23:46.150
CAJSHost           4292   8   2  171   1772     0:00:00.312     0:23:46.147
svchost            4300   8   8  175   4172     0:00:00.359     0:23:46.147
esif_uf            4308  13   3  135   1796     0:00:00.078     0:23:46.146
CxAudMsg64         4316   8   4  217   2056     0:00:00.140     0:23:46.146
FlashHelperService  4324   8  39  985   9308     0:00:02.796     0:23:46.142
AGMService         4332   8   4  235   3568     0:00:00.296     0:23:46.142
svchost            4340   8   6  205   2884     0:00:00.375     0:23:46.140
svchost            4352   8  19  358  12120     0:00:10.046     0:23:46.138
AlibabaProtect     4360   8  34  767  21444     0:00:14.937     0:23:46.135
AGSService         4368   8   4  368   3844     0:00:03.750     0:23:46.131
svchost            4376   8   2  112   1236     0:00:00.031     0:23:46.129
OfficeClickToRun   4384   8  21  532  14472     0:00:01.046     0:23:46.125
IntelCpHDCPSvc     4392   8   4  165   1588     0:00:00.156     0:23:46.121
svchost            4424   8  13  402   8600     0:00:05.796     0:23:46.095
jhi_service        4476   8   2  147   1344     0:00:00.078     0:23:46.027
sqlservr           4580   8  48  539  54660     0:00:02.609     0:23:45.945
QQProtect          4628   8  12  457  14852     0:00:02.515     0:23:45.908
SASrv              4648   8   4  151   1460     0:00:00.078     0:23:45.883
sqlwriter          4656   8   3  146   2144     0:00:00.171     0:23:45.874
svchost            4672   8   4  130   1336     0:00:00.046     0:23:45.870
svchost            4680   8   2  134   1640     0:00:00.109     0:23:45.869
vmnetdhcp          4716   8   2   94   7884     0:00:00.078     0:23:45.844
svchost            4772   8   6  207   2420     0:00:00.250     0:23:45.805
svchost            4784   8   6  483   3492     0:00:00.937     0:23:45.799
vmware-authd       4792   8   7  333   8792     0:00:06.171     0:23:45.797
svchost            4800   8  20  228   4800     0:00:00.328     0:23:45.795
vmnat              4824   8   4  191   3108     0:00:00.406     0:23:45.783
svchost            4832   8  10  347   6544     0:00:20.984     0:23:45.777
svchost            4856   8   3  245   3204     0:00:00.296     0:23:45.768
vmware-usbarbitrator64  4904   8   4  226   2756     0:00:00.281     0:23:45.678
svchost            5092   8   3  106   1324     0:00:00.109     0:23:45.391
sqlceip            5116   6  14  493  33000     0:00:02.062     0:23:45.304
dptf_helper        5344   8   3   81   1352     0:00:00.078     0:23:44.824
svchost            5636   8  13  382   3372     0:00:00.343     0:23:44.477
unsecapp           5700   8   3  132   1616     0:00:00.046     0:23:44.413
IntelCpHeciSvc     6036   8   4  136   1436     0:00:00.109     0:23:44.072
svchost            6888   8   4  166   1784     0:00:00.515     0:23:41.651
sihost             5664   8   9  553   6712     0:00:08.453     0:23:40.006
svchost            1952   8  13  424   9376     0:00:02.812     0:23:39.882
PresentationFontCache  4760   8   5  236  25316     0:00:00.593     0:23:39.845
svchost            4268   8   4  384   6796     0:00:03.000     0:23:39.822
BhcMgr             6716   8   2  179   1936     0:00:00.218     0:23:39.745
USBChargerPlus     6704   6   3  177   2052     0:00:00.234     0:23:39.730
svchost            6996   8   8  279   3708     0:00:03.296     0:23:39.634
taskhostw          6952   8   8  279   6304     0:00:01.156     0:23:39.615
svchost            2160   8   5  172   1880     0:00:00.125     0:23:39.508
ctfmon             7220  13  12  632  10588     0:00:22.640     0:23:39.417
igfxEM             7328   8  11  489   6624     0:00:05.109     0:23:39.173
svchost            7600   8  12  371   4868     0:00:00.781     0:23:38.468
explorer           7692   8  83 2902 154056     0:01:31.062     0:23:38.274
ChsIME             7740   8   3  161   1796     0:00:00.171     0:23:38.219
rundll32           7972   8   3  180   2192     0:00:00.140     0:23:37.579
svchost            7164   8   6  288   3544     0:00:00.500     0:23:34.703
360wpsrv           7816   6  35  988  32652     0:00:36.578     0:23:34.252
dllhost            7660   8   6  199   3248     0:00:00.093     0:23:33.959
StartMenuExperienceHost  8488   8   7  623  32488     0:00:04.546     0:23:32.902
guardhp            8620   6   6  469   9136     0:00:02.328     0:23:32.393
RuntimeBroker      8632   8   4  313   4208     0:00:01.171     0:23:32.352
RuntimeBroker      8356   8   3  307   5252     0:00:01.531     0:23:30.521
SearchIndexer      6228   8  28  747  33940     0:00:16.109     0:23:30.256
svchost            9364   8   6  180   2212     0:00:00.250     0:23:29.490
svchost            9448   8   5  384   3820     0:00:01.640     0:23:29.196
svchost            9456   8   3  123   1448     0:00:00.062     0:23:29.191
svchost            9612   8   6  201   4092     0:00:00.687     0:23:28.926
svchost            9704   8   3  247   8116     0:00:02.703     0:23:28.631
SettingSyncHost    9788   6   3  312   3904     0:00:04.812     0:23:28.446
SkypeBackgroundHost  9784   8   6  164   2176     0:00:00.203     0:23:24.213
SGTool            10132   6   2  221   6380     0:00:00.453     0:23:23.680
WindowsInternal.ComposableShell.Experiences.TextInput.InputApp  7380   8  15  682  13448     0:00:08.343     0:23:23.331
smartscreen       10816   8   9  360   8380     0:00:00.531     0:23:17.919
SecurityHealthSystray 10872   8   1  156   1844     0:00:00.156     0:23:17.729
SecurityHealthService 10908   8  13  422   4576     0:00:00.671     0:23:17.573
svchost           11092   8   3  172   1924     0:00:01.984     0:23:15.971
360sd             11236   8  23  382  35548     0:00:02.234     0:23:14.713
360rp             10576   8  55  612  36852     0:00:19.765     0:23:13.972
360tray           10676   8 130 1441 129472     0:01:09.250     0:23:13.554
SearchUI          11896   8  32  972  50100     0:00:04.703     0:23:04.459
NavPlugin          7764   6   8  495  11524     0:00:00.718     0:23:01.681
svchost            8900   8   2  108   1276     0:00:00.156     0:22:56.771
360Newsld         12000   8   7  387   8104     0:00:02.671     0:22:55.736
cmd                 356   8   2   81   3248     0:00:00.343     0:22:25.531
conhost           10508   8   7  365  17056     0:00:31.968     0:22:25.486
ApplicationFrameHost  2576   8   5  383  21664     0:00:00.734     0:22:00.506
WinStore.App       2484   8  16  811  29100     0:00:02.906     0:22:00.490
RuntimeBroker      8704   8   7  209   4624     0:00:01.359     0:21:58.441
Video.UI          12280   8  16  693  21732     0:00:01.625     0:21:48.495
RuntimeBroker      4172   8   3  163   2036     0:00:00.140     0:21:47.340
LMS                6980   8   5  383   4256     0:00:01.500     0:21:43.211
SgrmBroker        10452   8   5   89   3912     0:00:00.203     0:21:42.537
svchost            3784   8   7  181   2148     0:00:00.265     0:21:41.680
svchost            4888   8   8  231   2960     0:00:00.453     0:21:41.346
svchost           11596   8   7  473   5636     0:00:01.640     0:21:41.132
YourPhone          9976   8  12  418  13956     0:00:01.375     0:21:39.421
RuntimeBroker      4256   8   3  126   1664     0:00:00.140     0:21:36.806
ACMON             10100   6   3  196   2440     0:00:00.265     0:20:39.172
360zipUpdate      11560   6  15  471   8576     0:00:02.109     0:13:39.117
svchost           11856   8  12  355   9840     0:00:00.703     0:08:49.814
WmiPrvSE           1296   8   5  179   2532     0:00:00.140     0:03:36.410
SogouCloud         9252   6  20  380   9232     0:00:04.421     0:03:23.966
pslist             8468  13   4  254   4064     0:00:01.859     0:00:01.991
